// Jest Snapshot v1, https://goo.gl/fbAQLP

exports[`should successfully beautify php file without extension 1`] = `
<?php

$var = true;
`;
